src/components/animations/EnergyLeakAnimation.tsx(127,72): error TS2747: 'LinearGradient' components don't accept text as child elements. Text in JSX has the type 'string', but the expected type of 'children' is 'ReactElement<unknown, string | JSXElementConstructor<any>>[]'.
src/components/animations/EnergyLeakAnimation.tsx(129,72): error TS2747: 'LinearGradient' components don't accept text as child elements. Text in JSX has the type 'string', but the expected type of 'children' is 'ReactElement<unknown, string | JSXElementConstructor<any>>[]'.
src/components/animations/FearGriefSpillAnimation.tsx(182,11): error TS2322: Type '{ cx: number; cy: number; rx: AnimatedInterpolation<string | number>; ry: AnimatedMultiplication<string | number>; fill: string; opacity: AnimatedInterpolation<...>; }' is not assignable to type 'IntrinsicAttributes & AnimatedProps<(CircleProps | Readonly<CircleProps>) & RefAttributes<Circle>>'.
  Property 'rx' does not exist on type 'IntrinsicAttributes & AnimatedProps<(CircleProps | Readonly<CircleProps>) & RefAttributes<Circle>>'.
src/components/animations/IntentionRippleAnimation.tsx(88,13): error TS17001: JSX elements cannot have multiple attributes with the same name.
src/components/DraggableCard.tsx(100,20): error TS2339: Property '_value' does not exist on type 'Value'.
src/components/DraggableCard.tsx(101,20): error TS2339: Property '_value' does not exist on type 'Value'.
src/components/EditableMarkdown.tsx(159,34): error TS2339: Property 'full' does not exist on type '{ sm: number; md: number; lg: number; xl: number; xxl: number; roundedChip: number; round: number; }'.
src/components/EditModeIndicator.tsx(23,34): error TS2339: Property 'full' does not exist on type '{ sm: number; md: number; lg: number; xl: number; xxl: number; roundedChip: number; round: number; }'.
src/navigation/AppNavigator.tsx(99,6): error TS2769: No overload matches this call.
  Overload 1 of 2, '(props: Omit<DefaultRouterOptions<string> & { children: ReactNode; layout?: (props: { state: TabNavigationState<ParamListBase>; navigation: NavigationHelpers<...>; descriptors: Record<...>; children: ReactNode; }) => ReactElement<...>; ... 4 more ...; UNSTABLE_routeNamesChangeBehavior?: "firstMatch" | "lastUnhandled"; } & { ...; } & DefaultRouterOptions & { ...; } & BottomTabNavigationConfig, "children" | ... 7 more ... | "UNSTABLE_routeNamesChangeBehavior"> & DefaultRouterOptions<...> & { ...; } & { ...; }, context?: any): string | ... 6 more ... | Component<...>', gave the following error.
    Property 'id' is missing in type '{ children: Element[]; screenOptions: ({ route }: { route: RouteProp<MainTabParamList, keyof MainTabParamList>; navigation: BottomTabNavigationProp<MainTabParamList, "Home", undefined> | BottomTabNavigationProp<...> | BottomTabNavigationProp<...> | BottomTabNavigationProp<...>; theme: Theme; }) => { ...; }; }' but required in type '{ id: undefined; }'.
  Overload 2 of 2, '(props: Omit<DefaultRouterOptions<string> & { children: ReactNode; layout?: (props: { state: TabNavigationState<ParamListBase>; navigation: NavigationHelpers<...>; descriptors: Record<...>; children: ReactNode; }) => ReactElement<...>; ... 4 more ...; UNSTABLE_routeNamesChangeBehavior?: "firstMatch" | "lastUnhandled"; } & { ...; } & DefaultRouterOptions & { ...; } & BottomTabNavigationConfig, "children" | ... 7 more ... | "UNSTABLE_routeNamesChangeBehavior"> & DefaultRouterOptions<...> & { ...; } & { ...; }): string | ... 6 more ... | Component<...>', gave the following error.
    Property 'id' is missing in type '{ children: Element[]; screenOptions: ({ route }: { route: RouteProp<MainTabParamList, keyof MainTabParamList>; navigation: BottomTabNavigationProp<MainTabParamList, "Home", undefined> | BottomTabNavigationProp<...> | BottomTabNavigationProp<...> | BottomTabNavigationProp<...>; theme: Theme; }) => { ...; }; }' but required in type '{ id: undefined; }'.
src/navigation/AppNavigator.tsx(184,8): error TS2769: No overload matches this call.
  Overload 1 of 2, '(props: Omit<DefaultRouterOptions<string> & { children: ReactNode; layout?: (props: { state: StackNavigationState<ParamListBase>; navigation: NavigationHelpers<...>; descriptors: Record<...>; children: ReactNode; }) => ReactElement<...>; ... 4 more ...; UNSTABLE_routeNamesChangeBehavior?: "firstMatch" | "lastUnhandled"; } & { ...; } & StackRouterOptions, "children" | ... 7 more ... | "UNSTABLE_routeNamesChangeBehavior"> & DefaultRouterOptions<...> & { ...; } & { ...; }, context?: any): string | ... 6 more ... | Component<...>', gave the following error.
    Property 'id' is missing in type '{ children: Element[]; }' but required in type '{ id: undefined; }'.
  Overload 2 of 2, '(props: Omit<DefaultRouterOptions<string> & { children: ReactNode; layout?: (props: { state: StackNavigationState<ParamListBase>; navigation: NavigationHelpers<...>; descriptors: Record<...>; children: ReactNode; }) => ReactElement<...>; ... 4 more ...; UNSTABLE_routeNamesChangeBehavior?: "firstMatch" | "lastUnhandled"; } & { ...; } & StackRouterOptions, "children" | ... 7 more ... | "UNSTABLE_routeNamesChangeBehavior"> & DefaultRouterOptions<...> & { ...; } & { ...; }): string | ... 6 more ... | Component<...>', gave the following error.
    Property 'id' is missing in type '{ children: Element[]; }' but required in type '{ id: undefined; }'.
src/navigation/OnboardingNavigator.tsx(19,10): error TS2769: No overload matches this call.
  Overload 1 of 2, '(props: Omit<DefaultRouterOptions<string> & { children: ReactNode; layout?: (props: { state: StackNavigationState<ParamListBase>; navigation: NavigationHelpers<...>; descriptors: Record<...>; children: ReactNode; }) => ReactElement<...>; ... 4 more ...; UNSTABLE_routeNamesChangeBehavior?: "firstMatch" | "lastUnhandled"; } & { ...; } & StackRouterOptions, "children" | ... 7 more ... | "UNSTABLE_routeNamesChangeBehavior"> & DefaultRouterOptions<...> & { ...; } & { ...; }, context?: any): string | ... 6 more ... | Component<...>', gave the following error.
    Property 'id' is missing in type '{ children: Element[]; screenOptions: { headerShown: false; gestureEnabled: false; }; }' but required in type '{ id: undefined; }'.
  Overload 2 of 2, '(props: Omit<DefaultRouterOptions<string> & { children: ReactNode; layout?: (props: { state: StackNavigationState<ParamListBase>; navigation: NavigationHelpers<...>; descriptors: Record<...>; children: ReactNode; }) => ReactElement<...>; ... 4 more ...; UNSTABLE_routeNamesChangeBehavior?: "firstMatch" | "lastUnhandled"; } & { ...; } & StackRouterOptions, "children" | ... 7 more ... | "UNSTABLE_routeNamesChangeBehavior"> & DefaultRouterOptions<...> & { ...; } & { ...; }): string | ... 6 more ... | Component<...>', gave the following error.
    Property 'id' is missing in type '{ children: Element[]; screenOptions: { headerShown: false; gestureEnabled: false; }; }' but required in type '{ id: undefined; }'.
src/navigation/TutorialNavigator.tsx(26,10): error TS2769: No overload matches this call.
  Overload 1 of 2, '(props: Omit<DefaultRouterOptions<string> & { children: ReactNode; layout?: (props: { state: StackNavigationState<ParamListBase>; navigation: NavigationHelpers<...>; descriptors: Record<...>; children: ReactNode; }) => ReactElement<...>; ... 4 more ...; UNSTABLE_routeNamesChangeBehavior?: "firstMatch" | "lastUnhandled"; } & { ...; } & StackRouterOptions, "children" | ... 7 more ... | "UNSTABLE_routeNamesChangeBehavior"> & DefaultRouterOptions<...> & { ...; } & { ...; }, context?: any): string | ... 6 more ... | Component<...>', gave the following error.
    Property 'id' is missing in type '{ children: Element[]; screenOptions: { headerShown: false; animation: "slide_from_right"; contentStyle: { backgroundColor: string; }; }; }' but required in type '{ id: undefined; }'.
  Overload 2 of 2, '(props: Omit<DefaultRouterOptions<string> & { children: ReactNode; layout?: (props: { state: StackNavigationState<ParamListBase>; navigation: NavigationHelpers<...>; descriptors: Record<...>; children: ReactNode; }) => ReactElement<...>; ... 4 more ...; UNSTABLE_routeNamesChangeBehavior?: "firstMatch" | "lastUnhandled"; } & { ...; } & StackRouterOptions, "children" | ... 7 more ... | "UNSTABLE_routeNamesChangeBehavior"> & DefaultRouterOptions<...> & { ...; } & { ...; }): string | ... 6 more ... | Component<...>', gave the following error.
    Property 'id' is missing in type '{ children: Element[]; screenOptions: { headerShown: false; animation: "slide_from_right"; contentStyle: { backgroundColor: string; }; }; }' but required in type '{ id: undefined; }'.
src/screens/onboarding/04_FirstBreathScreen.tsx(227,9): error TS2322: Type '({ scale: number; translateX?: undefined; translateY?: undefined; } | { translateX: number; scale?: undefined; translateY?: undefined; } | { translateY: number; scale?: undefined; translateX?: undefined; })[]' is not assignable to type 'string | readonly (({ perspective: AnimatableNumericValue; } & { rotate?: never; rotateX?: never; rotateY?: never; rotateZ?: never; scale?: never; scaleX?: never; scaleY?: never; ... 4 more ...; matrix?: never; }) | ... 11 more ... | ({ ...; } & { ...; }))[]'.
  Type '({ scale: number; translateX?: undefined; translateY?: undefined; } | { translateX: number; scale?: undefined; translateY?: undefined; } | { translateY: number; scale?: undefined; translateX?: undefined; })[]' is not assignable to type 'readonly (({ perspective: AnimatableNumericValue; } & { rotate?: never; rotateX?: never; rotateY?: never; rotateZ?: never; scale?: never; scaleX?: never; scaleY?: never; translateX?: never; translateY?: never; skewX?: never; skewY?: never; matrix?: never; }) | ... 11 more ... | ({ ...; } & { ...; }))[]'.
    Type '{ scale: number; translateX?: undefined; translateY?: undefined; } | { translateX: number; scale?: undefined; translateY?: undefined; } | { translateY: number; scale?: undefined; translateX?: undefined; }' is not assignable to type '({ perspective: AnimatableNumericValue; } & { rotate?: never; rotateX?: never; rotateY?: never; rotateZ?: never; scale?: never; scaleX?: never; scaleY?: never; translateX?: never; translateY?: never; skewX?: never; skewY?: never; matrix?: never; }) | ... 11 more ... | ({ ...; } & { ...; })'.
      Type '{ scale: number; translateX?: undefined; translateY?: undefined; }' is not assignable to type '({ perspective: AnimatableNumericValue; } & { rotate?: never; rotateX?: never; rotateY?: never; rotateZ?: never; scale?: never; scaleX?: never; scaleY?: never; translateX?: never; translateY?: never; skewX?: never; skewY?: never; matrix?: never; }) | ... 11 more ... | ({ ...; } & { ...; })'.
        Type '{ scale: number; translateX?: undefined; translateY?: undefined; }' is not assignable to type '{ matrix: AnimatableNumericValue[]; } & { perspective?: never; rotate?: never; rotateX?: never; rotateY?: never; rotateZ?: never; scale?: never; scaleX?: never; scaleY?: never; translateX?: never; translateY?: never; skewX?: never; skewY?: never; }'.
          Property 'matrix' is missing in type '{ scale: number; translateX?: undefined; translateY?: undefined; }' but required in type '{ matrix: AnimatableNumericValue[]; }'.
